// Jest Snapshot v1, https://goo.gl/fbAQLP

exports[`<App /> should render App without crashing 1`] = `
.c0 {
  background: var(--brand-success,#000000);
  display: none;
  height: 2px;
  left: 0;
  position: fixed;
  right: 0;
  top: 0;
  -webkit-transform: translateX(100%);
  -ms-transform: translateX(100%);
  transform: translateX(100%);
  z-index: 10;
}

.c0.-loading {
  display: block;
  -webkit-animation: jxImEi 1s ease-in-out infinite;
  animation: jxImEi 1s ease-in-out infinite;
  -webkit-animation-delay: .8s;
  animation-delay: .8s;
}

<div
  className="c-app__container v-xsmall "
>
  <div
    className="c-loadingBar -loading c0"
  />
</div>
`;
