// Jest Snapshot v1, https://goo.gl/fbAQLP

exports[`<OfflineIndicator /> should display an offline indicator 1`] = `
.c0 {
  -webkit-align-items: center;
  -webkit-box-align: center;
  -ms-flex-align: center;
  align-items: center;
  display: -webkit-box;
  display: -webkit-flex;
  display: -ms-flexbox;
  display: flex;
  height: 64px;
  -webkit-box-pack: center;
  -webkit-justify-content: center;
  -ms-flex-pack: center;
  justify-content: center;
  position: fixed;
  top: 0;
  right: 0;
  width: 64px;
}

.c0 svg {
  color: #E4E6E9;
  height: 24px;
  width: 24px;
}

<div
  className="c0"
>
  <svg
    fill="none"
    height="24"
    stroke="currentColor"
    strokeLinecap="round"
    strokeLinejoin="round"
    strokeWidth="2"
    viewBox="0 0 24 24"
    width="24"
    xmlns="http://www.w3.org/2000/svg"
  >
    <line
      x1="1"
      x2="23"
      y1="1"
      y2="23"
    />
    <path
      d="M16.72 11.06A10.94 10.94 0 0 1 19 12.55"
    />
    <path
      d="M5 12.55a10.94 10.94 0 0 1 5.17-2.39"
    />
    <path
      d="M10.71 5.05A16 16 0 0 1 22.58 9"
    />
    <path
      d="M1.42 9a15.91 15.91 0 0 1 4.7-2.88"
    />
    <path
      d="M8.53 16.11a6 6 0 0 1 6.95 0"
    />
    <line
      x1="12"
      x2="12"
      y1="20"
      y2="20"
    />
  </svg>
</div>
`;
