// Jest Snapshot v1, https://goo.gl/fbAQLP

exports[`<MultiStep /> should display a MultiStep 1`] = `
.c0 {
  padding: 24px 0;
  position: relative;
}

.c1 {
  -webkit-align-items: center;
  -webkit-box-align: center;
  -ms-flex-align: center;
  align-items: center;
  display: -webkit-box;
  display: -webkit-flex;
  display: -ms-flexbox;
  display: flex;
  -webkit-box-pack: justify;
  -webkit-justify-content: space-between;
  -ms-flex-pack: justify;
  justify-content: space-between;
  margin: 0;
  padding: 0;
  width: 100%;
}

.c1 li {
  -webkit-align-items: center;
  -webkit-box-align: center;
  -ms-flex-align: center;
  align-items: center;
  cursor: pointer;
  display: -webkit-box;
  display: -webkit-flex;
  display: -ms-flexbox;
  display: flex;
  -webkit-flex: 1;
  -ms-flex: 1;
  flex: 1;
  -webkit-flex-direction: column;
  -ms-flex-direction: column;
  flex-direction: column;
  -webkit-box-pack: center;
  -webkit-justify-content: center;
  -ms-flex-pack: center;
  justify-content: center;
  list-style-type: none;
  position: relative;
}

.c1 li .c-icon {
  border: 4px solid red;
  border-radius: 100%;
  display: block;
  height: 48px;
  margin-bottom: 12px;
  width: 48px;
}

.c1 li.-doing .c-icon,
.c1 li.-done .c-icon {
  background-color: red;
}

.c1 li.-doing:not(:first-child):before,
.c1 li.-done:not(:first-child):before {
  background-color: red;
  content: '';
  height: 4px;
  left: -50%;
  margin-top: -2px;
  position: absolute;
  top: 24px;
  width: 100%;
}

<div
  className="c0"
  onKeyDown={[Function]}
>
  <ol
    className="c1"
  >
    <li
      className="c-step  -doing"
      onClick={[Function]}
      value={0}
    >
      <i
        className="c-icon"
      />
      <span>
        Step 1
      </span>
    </li>
    <li
      className="c-step  -todo"
      onClick={[Function]}
      value={1}
    >
      <i
        className="c-icon"
      />
      <span>
        Step 2
      </span>
    </li>
    <li
      className="c-step  -todo"
      onClick={[Function]}
      value={2}
    >
      <i
        className="c-icon"
      />
      <span>
        Step 3
      </span>
    </li>
  </ol>
  <div>
    Step 1
  </div>
  <div
    className=""
  >
    <button
      className="c-btn "
      onClick={[Function]}
    >
      Previous
    </button>
    <button
      className="c-btn "
      onClick={[Function]}
    >
      Next
    </button>
  </div>
</div>
`;
