// Jest Snapshot v1, https://goo.gl/fbAQLP

exports[`<Button /> should display a button 1`] = `
<button
  className="c-btn "
  onClick={[Function]}
/>
`;
