// Jest Snapshot v1, https://goo.gl/fbAQLP

exports[`<Image /> should display an image 1`] = `
.c0 {
  background-color: #e8e8e8;
  height: auto;
  width: 100%;
}

.c0.-lazy {
  background-position: center;
  background-repeat: no-repeat;
  background-size: cover;
  border: none;
  height: auto;
  visibility: hidden;
  width: 100%;
}

.c0.-lazy--loaded {
  -webkit-animation-duration: 3s;
  animation-duration: 3s;
  -webkit-animation-name: kOCoaO;
  animation-name: kOCoaO;
  visibility: visible;
}

<img
  className="a-image c0"
  data-src="../../images/icon-512x512.png"
  src="../../images/icon-512x512.png"
/>
`;
