// Jest Snapshot v1, https://goo.gl/fbAQLP

exports[`<Logo /> should display a logo 1`] = `
.c0 {
  -webkit-align-items: center;
  -webkit-box-align: center;
  -ms-flex-align: center;
  align-items: center;
  display: -webkit-box;
  display: -webkit-flex;
  display: -ms-flexbox;
  display: flex;
  -webkit-box-pack: center;
  -webkit-justify-content: center;
  -ms-flex-pack: center;
  justify-content: center;
  position: fixed;
  top: 0;
  left: 0;
  width: 100%;
  height: 100%;
  z-index: 10;
  overflow: hidden;
}

.c0 #react-inner {
  position: absolute;
  top: 0px;
  left: 0px;
  right: 0px;
  bottom: 0px;
  border-radius: 50%;
  border: 6px solid #61dafb;
  -webkit-transform: rotate(120deg);
  -ms-transform: rotate(120deg);
  transform: rotate(120deg);
}

.c0 #react-innerdot {
  position: absolute;
  top: 50%;
  left: 50%;
  width: 20px;
  height: 20px;
  border-radius: 50%;
  background: #61dafb;
  margin-top: -10px;
  margin-left: -10px;
}

.c0 #react {
  display: block;
  position: relative;
  width: 100px;
  height: 40px;
  border-radius: 50%;
  -webkit-animation: kOBPdp 10s linear infinite;
  animation: kOBPdp 10s linear infinite;
  z-index: 11;
}

.c0 #react:before {
  content: "";
  position: absolute;
  top: 0px;
  left: 0px;
  right: 0px;
  bottom: 0px;
  border-radius: 50%;
  border: 6px solid #61dafb;
  -webkit-transform: rotate(-120deg);
  -ms-transform: rotate(-120deg);
  transform: rotate(-120deg);
}

.c0 #react:after {
  content: "";
  position: absolute;
  top: 0px;
  left: 0px;
  right: 0px;
  bottom: 0px;
  border-radius: 50%;
  border: 6px solid #61dafb;
}

<div
  className="c0"
>
  <div
    id="react"
  >
    <div
      id="react-inner"
    />
    <div
      id="react-innerdot"
    />
  </div>
</div>
`;
